Dataset: F-dataset
fold: 0
Epoch		Time		AUC		AUPR		Accuracy		Precision		Recall		F1-score		Mcc
1		8.22		0.80364		0.78646		0.71059		0.66016		0.87113		0.75111		0.44416
AUC improved at epoch  1 ;	best_auc: 0.8036429677901822
2		14.3		0.81371		0.79809		0.70543		0.64706		0.90722		0.75536		0.44836
AUC improved at epoch  2 ;	best_auc: 0.8137118743656856
fold: 1
Epoch		Time		AUC		AUPR		Accuracy		Precision		Recall		F1-score		Mcc
1		21.66		0.76705		0.75101		0.50129		0.50129		1.0		0.66781		0.0
AUC improved at epoch  1 ;	best_auc: 0.7670530420383527
2		27.7		0.78353		0.76113		0.68475		0.75352		0.55155		0.6369		0.38405
AUC improved at epoch  2 ;	best_auc: 0.7835318626141765
fold: 2
Epoch		Time		AUC		AUPR		Accuracy		Precision		Recall		F1-score		Mcc
1		34.07		0.83185		0.81899		0.62791		0.90323		0.28866		0.4375		0.35111
AUC improved at epoch  1 ;	best_auc: 0.8318465893915925
2		39.69		0.84787		0.83151		0.66667		0.88235		0.3866		0.53763		0.40433
AUC improved at epoch  2 ;	best_auc: 0.8478713743923936
fold: 3
Epoch		Time		AUC		AUPR		Accuracy		Precision		Recall		F1-score		Mcc
1		46.71		0.83241		0.80327		0.75452		0.72273		0.82383		0.76998		0.51424
AUC improved at epoch  1 ;	best_auc: 0.8324074568666203
2		52.5		0.83601		0.80947		0.76486		0.76289		0.76684		0.76486		0.52973
AUC improved at epoch  2 ;	best_auc: 0.8360130334918007
fold: 4
Epoch		Time		AUC		AUPR		Accuracy		Precision		Recall		F1-score		Mcc
1		58.26		0.78834		0.7242		0.52196		0.75		0.06218		0.11483		0.10437
AUC improved at epoch  1 ;	best_auc: 0.788339298114417
2		62.52		0.7987		0.73783		0.62791		0.74747		0.38342		0.50685		0.29171
AUC improved at epoch  2 ;	best_auc: 0.7987019924149351
fold: 5
Epoch		Time		AUC		AUPR		Accuracy		Precision		Recall		F1-score		Mcc
1		69.25		0.77362		0.778		0.49871		0.49871		1.0		0.66552		0.0
AUC improved at epoch  1 ;	best_auc: 0.7736232038886812
2		73.47		0.79245		0.79481		0.72093		0.68085		0.82902		0.74766		0.45296
AUC improved at epoch  2 ;	best_auc: 0.7924523262646226
fold: 6
Epoch		Time		AUC		AUPR		Accuracy		Precision		Recall		F1-score		Mcc
1		79.51		0.79825		0.78275		0.5		0.5		1.0		0.66667		0.0
AUC improved at epoch  1 ;	best_auc: 0.7982496174393944
2		82.76		0.80432		0.79086		0.70725		0.78169		0.57513		0.66269		0.42978
AUC improved at epoch  2 ;	best_auc: 0.8043168944132729
fold: 7
Epoch		Time		AUC		AUPR		Accuracy		Precision		Recall		F1-score		Mcc
1		89.61		0.81229		0.8087		0.5		0.0		0.0		0.0		0.0
AUC improved at epoch  1 ;	best_auc: 0.8122902628258476
2		96.1		0.82306		0.82001		0.58549		0.92308		0.18653		0.31034		0.28367
AUC improved at epoch  2 ;	best_auc: 0.8230556525007383
fold: 8
Epoch		Time		AUC		AUPR		Accuracy		Precision		Recall		F1-score		Mcc
1		103.03		0.78309		0.76684		0.51554		1.0		0.03109		0.0603		0.12566
AUC improved at epoch  1 ;	best_auc: 0.7830948481838438
2		108.97		0.79175		0.76727		0.68653		0.75714		0.54922		0.63664		0.38797
AUC improved at epoch  2 ;	best_auc: 0.7917527987328519
fold: 9
Epoch		Time		AUC		AUPR		Accuracy		Precision		Recall		F1-score		Mcc
1		115.88		0.78912		0.79234		0.69948		0.78102		0.5544		0.64848		0.4169
AUC improved at epoch  1 ;	best_auc: 0.7891218556202851
2		121.74		0.80971		0.80547		0.67617		0.81481		0.45596		0.58472		0.39244
AUC improved at epoch  2 ;	best_auc: 0.8097130124298638
AUC: [0.8137118743656856, 0.7835318626141765, 0.8478713743923936, 0.8360130334918007, 0.7987019924149351, 0.7924523262646226, 0.8043168944132729, 0.8230556525007383, 0.7917527987328519, 0.8097130124298638]
Mean AUC: 0.8101120821620341 ( 0.019484583367062207 )
AUPR: [0.7980875203105718, 0.761125087247517, 0.83150511861575, 0.8094702695383019, 0.7378318225362992, 0.7948119251723729, 0.7908643220087925, 0.8200074855772267, 0.7672728656606307, 0.8054694077119456]
Mean AUPR: 0.7916445824379409 ( 0.027158024857629796 )
Accuracy: [0.7054263565891473, 0.6847545219638242, 0.6666666666666666, 0.7648578811369509, 0.627906976744186, 0.7209302325581395, 0.7072538860103627, 0.5854922279792746, 0.6865284974093264, 0.6761658031088082]
Mean Accuracy: 0.6825983050166686 ( 0.0470117151315952 )
Precision: [0.6470588235294118, 0.7535211267605634, 0.8823529411764706, 0.7628865979381443, 0.7474747474747475, 0.6808510638297872, 0.7816901408450704, 0.9230769230769231, 0.7571428571428571, 0.8148148148148148]
Mean Precision: 0.7750870036588791 ( 0.07873937470889283 )
Recall: [0.9072164948453608, 0.5515463917525774, 0.3865979381443299, 0.7668393782383419, 0.38341968911917096, 0.8290155440414507, 0.5751295336787565, 0.18652849740932642, 0.5492227979274611, 0.45595854922279794]
Mean Recall: 0.5591474814379573 ( 0.21158329331013637 )
F1: [0.7553648068669528, 0.6369047619047619, 0.5376344086021505, 0.7648578811369509, 0.5068493150684932, 0.7476635514018691, 0.6626865671641791, 0.3103448275862069, 0.6366366366366366, 0.584717607973422]
Mean F1: 0.6143660364341623 ( 0.13205719835509083 )
MCC: [0.44835880002826733, 0.38405005326531855, 0.404326200301997, 0.5297259761764863, 0.2917058299530803, 0.45295618648838665, 0.42978465125663096, 0.28367227977781456, 0.3879724836681381, 0.39244123793651814]
Mean MCC: 0.4004993698852638 ( 0.06970729550868043 )
