Dataset: F-dataset
fold: 0
Epoch		Time		AUC		AUPR		Accuracy		Precision		Recall		F1-score		Mcc
1		8.22		0.7799		0.75841		0.63049		0.78652		0.36082		0.4947		0.31175
AUC improved at epoch  1 ;	best_auc: 0.7798995780139951
2		14.04		0.79918		0.78779		0.73902		0.74603		0.7268		0.73629		0.47823
AUC improved at epoch  2 ;	best_auc: 0.7991827359649591
fold: 1
Epoch		Time		AUC		AUPR		Accuracy		Precision		Recall		F1-score		Mcc
1		21.1		0.78321		0.75206		0.49871		0.0		0.0		0.0		0.0
AUC improved at epoch  1 ;	best_auc: 0.7832113669141604
2		27.17		0.78137		0.75656		0.62016		0.79747		0.32474		0.46154		0.3
fold: 2
Epoch		Time		AUC		AUPR		Accuracy		Precision		Recall		F1-score		Mcc
1		33.66		0.81628		0.78187		0.50129		0.50129		1.0		0.66781		0.0
AUC improved at epoch  1 ;	best_auc: 0.8162758399658137
2		39.62		0.84066		0.79397		0.73127		0.65845		0.96392		0.78243		0.52193
AUC improved at epoch  2 ;	best_auc: 0.8406602211420331
fold: 3
Epoch		Time		AUC		AUPR		Accuracy		Precision		Recall		F1-score		Mcc
1		46.38		0.81117		0.77521		0.59432		0.79032		0.25389		0.38431		0.25474
AUC improved at epoch  1 ;	best_auc: 0.8111746167405586
2		52.19		0.81863		0.77764		0.71576		0.79021		0.58549		0.67262		0.44632
AUC improved at epoch  2 ;	best_auc: 0.8186261417659313
fold: 4
Epoch		Time		AUC		AUPR		Accuracy		Precision		Recall		F1-score		Mcc
1		58.57		0.80113		0.78934		0.50129		0.0		0.0		0.0		0.0
AUC improved at epoch  1 ;	best_auc: 0.8011324181400565
2		63.81		0.80949		0.78615		0.52972		0.92308		0.06218		0.1165		0.15824
AUC improved at epoch  2 ;	best_auc: 0.8094920143154746
fold: 5
Epoch		Time		AUC		AUPR		Accuracy		Precision		Recall		F1-score		Mcc
1		70.61		0.77288		0.75646		0.50129		0.0		0.0		0.0		0.0
AUC improved at epoch  1 ;	best_auc: 0.7728753805886437
2		76.25		0.79408		0.77083		0.5323		0.92857		0.06736		0.1256		0.16656
AUC improved at epoch  2 ;	best_auc: 0.7940815127397041
fold: 6
Epoch		Time		AUC		AUPR		Accuracy		Precision		Recall		F1-score		Mcc
1		83.18		0.81503		0.81625		0.73575		0.85827		0.56477		0.68125		0.50175
AUC improved at epoch  1 ;	best_auc: 0.8150285913715803
2		88.69		0.81873		0.82243		0.74611		0.79503		0.66321		0.72316		0.49914
AUC improved at epoch  2 ;	best_auc: 0.8187333888158072
fold: 7
Epoch		Time		AUC		AUPR		Accuracy		Precision		Recall		F1-score		Mcc
1		94.86		0.82185		0.8033		0.51554		0.50789		1.0		0.67365		0.12566
AUC improved at epoch  1 ;	best_auc: 0.821847566377621
2		99.96		0.83452		0.81466		0.73575		0.81818		0.60622		0.69643		0.48817
AUC improved at epoch  2 ;	best_auc: 0.8345190474912078
fold: 8
Epoch		Time		AUC		AUPR		Accuracy		Precision		Recall		F1-score		Mcc
1		106.87		0.81108		0.75435		0.50777		0.8		0.02073		0.0404		0.06873
AUC improved at epoch  1 ;	best_auc: 0.8110821767027303
2		112.49		0.8197		0.77142		0.59845		0.82759		0.2487		0.38247		0.27551
AUC improved at epoch  2 ;	best_auc: 0.8196998577143011
fold: 9
Epoch		Time		AUC		AUPR		Accuracy		Precision		Recall		F1-score		Mcc
1		119.3		0.79742		0.76555		0.5		0.0		0.0		0.0		0.0
AUC improved at epoch  1 ;	best_auc: 0.797417380332358
2		124.98		0.80297		0.77815		0.68394		0.78862		0.50259		0.61392		0.39476
AUC improved at epoch  2 ;	best_auc: 0.802974576498698
AUC: [0.7991827359649591, 0.7832113669141604, 0.8406602211420331, 0.8186261417659313, 0.8094920143154746, 0.7940815127397041, 0.8187333888158072, 0.8345190474912078, 0.8196998577143011, 0.802974576498698]
Mean AUC: 0.8121180863362276 ( 0.016967016591095476 )
AUPR: [0.7877903560544255, 0.7520647696099991, 0.7939725622662823, 0.7776354167376311, 0.7861536829393897, 0.7708281984706618, 0.822427101404256, 0.814663274784006, 0.7714241607104877, 0.7781467103902382]
Mean AUPR: 0.7855106233367378 ( 0.019846389622097033 )
Accuracy: [0.7390180878552972, 0.49870801033591733, 0.7312661498708011, 0.7157622739018088, 0.5297157622739018, 0.5322997416020672, 0.7461139896373057, 0.7357512953367875, 0.5984455958549223, 0.6839378238341969]
Mean Accuracy: 0.6511018730503007 ( 0.09510661041425104 )
Precision: [0.746031746031746, 0.0, 0.6584507042253521, 0.7902097902097902, 0.9230769230769231, 0.9285714285714286, 0.7950310559006211, 0.8181818181818182, 0.8275862068965517, 0.7886178861788617]
Mean Precision: 0.7275757559273093 ( 0.2536762255250237 )
Recall: [0.7268041237113402, 0.0, 0.9639175257731959, 0.5854922279792746, 0.06217616580310881, 0.06735751295336788, 0.6632124352331606, 0.6062176165803109, 0.24870466321243523, 0.5025906735751295]
Mean Recall: 0.44264729448213236 ( 0.31161208968056936 )
F1: [0.7362924281984334, 0.0, 0.7824267782426778, 0.6726190476190477, 0.11650485436893204, 0.12560386473429952, 0.7231638418079096, 0.6964285714285714, 0.38247011952191234, 0.6139240506329114]
Mean F1: 0.4849433556554694 ( 0.28557810592032545 )
MCC: [0.47822720236147226, 0.0, 0.521927849768839, 0.44631939732445153, 0.15823803551771218, 0.16656031569582055, 0.4991365906180971, 0.48816904458065946, 0.27550702551872724, 0.3947552538071645]
Mean MCC: 0.34288407151929434 ( 0.17221494569367765 )
